// Jest Snapshot v1, https://goo.gl/fbAQLP

exports[`Separator renders the separator 1`] = `
<div>
  <div
    class="border-b-2 border-border-300 dark:border-border-700"
  />
</div>
`;
